$ git init
Initialized empty Git repository in C:/Users/Bob/Desktop/Java Utbildning [30juni                       2018 13.46]/010. Java Kurser [12aug2018 19.50]/04.Javaverktyg och byggmiljöer [2                       5okt2018 21.04]/Labb2/.git/
2018 13.46]/010. Java Kurser [12aug2018 19.50]/04.Javaverktyg och byggmiljöer [2                       5okt2018 21.04]/Labb2/.git/
5okt2018 21.04]/Labb2/.git/

$ git config --global user.name "Bob-Utveckling"

$ git config --global user.email "development@bamshad.se"

$ touch .gitignore

$ atom.cmd .gitignore

$ git add .gitignore

$ git commit -m "Commit initiala filer för projekten"
[master (root-commit) 067dc48] Commit initiala filer för projekten
 1 file changed, 12 insertions(+)
 create mode 100644 .gitignore

 $ ls
'Git Log.txt'    GuessingGame.class     IntervalParser.java
 Guesser.class   GuessingGame.java      TestGuesser.class
 Guesser.java    IntervalParser.class   TestGuesser.java

$ git add .


$ git remote add origin https://github.com/Bob-Utveckling/ProgramToGuessNumber

$ git push origin master
remote: Repository not found.
fatal: repository 'https://github.com/Bob-Utveckling/ProgramToGuessNumber/' not                        found

$ echo Create Repository on GitHub.com and return here when done...
Create Repository on GitHub.com and return here when done...

$ echo done
done

$ git remote -v
origin  https://github.com/Bob-Utveckling/ProgramToGuessNumber (fetch)
origin  https://github.com/Bob-Utveckling/ProgramToGuessNumber (push)

$ git commit -m "updated all files"
[master 108aa45] updated all files
 3 files changed, 111 insertions(+), 2 deletions(-)
 create mode 100644 IntervalParser.java

$ git push origin master
Enumerating objects: 8, done.
Counting objects: 100% (8/8), done.
Delta compression using up to 8 threads.
Compressing objects: 100% (5/5), done.
Writing objects: 100% (5/5), 1.69 KiB | 864.00 KiB/s, done.
Total 5 (delta 1), reused 0 (delta 0)
remote: Resolving deltas: 100% (1/1), completed with 1 local object.
To https://github.com/Bob-Utveckling/ProgramToGuessNumber
   de720bf..108aa45  master -> master
